// Jest Snapshot v1, https://goo.gl/fbAQLP

exports[`Testing ‘Beginning’ component Matches the snapshot 1`] = `undefined`;
