// Jest Snapshot v1, https://goo.gl/fbAQLP

exports[`GameInfo component Matches the snapshot 1`] = `undefined`;
